[ -129755ms] [ERROR] Failed to load resource: the server responded with a status of 404 () @ https://assets.blocket.se/pkg/@warp-ds/elements/%5E2.12.1/index.js:0
[ -129645ms] [WARNING] A preload for 'https://assets.blocket.se/pkg/contact-button-podlet/1.0.132/server/index.css' is found, but is not used because the request credentials mode does not match. Consider taking a look at crossorigin attribute. @ https://www.blocket.se/recommerce/forsale/item/24222396:114
[ -129639ms] [WARNING] A preload for 'https://assets.blocket.se/pkg/contact-button-podlet/1.0.132/server/server.css' is found, but is not used because the request credentials mode does not match. Consider taking a look at crossorigin attribute. @ https://www.blocket.se/recommerce/forsale/item/24222396:114
[ -129631ms] [WARNING] A preload for 'https://assets.blocket.se/pkg/contact-button-podlet/1.0.132/server/content/render.css' is found, but is not used because the request credentials mode does not match. Consider taking a look at crossorigin attribute. @ https://www.blocket.se/recommerce/forsale/item/24222396:114
[ -129623ms] [WARNING] A preload for 'https://assets.blocket.se/pkg/contact-button-podlet/1.0.132/client/MessagingEidModal.styles.css' is found, but is not used because the request credentials mode does not match. Consider taking a look at crossorigin attribute. @ https://www.blocket.se/recommerce/forsale/item/24222396:114
[ -129616ms] [WARNING] A preload for 'https://assets.blocket.se/pkg/contact-button-podlet/1.0.132/client/index.css' is found, but is not used because the request credentials mode does not match. Consider taking a look at crossorigin attribute. @ https://www.blocket.se/recommerce/forsale/item/24222396:114
[ -129606ms] [WARNING] A preload for 'https://assets.blocket.se/pkg/recommerce-item-page/1.0.1721/entry.client.js' is found, but is not used because it is a cross-world service worker resource mismatch. @ https://www.blocket.se/recommerce/forsale/item/24222396:0
[ -129606ms] [WARNING] A preload for 'https://assets.finn.no/pkg/advertising-podlet/1.1.872/client/client.js' is found, but is not used because it is a cross-world service worker resource mismatch. @ https://www.blocket.se/recommerce/forsale/item/24222396:0
[ -129605ms] [WARNING] A preload for 'https://assets.blocket.se/pkg/broadcast-podlet/1.0.54/main.js' is found, but is not used because it is a cross-world service worker resource mismatch. @ https://www.blocket.se/recommerce/forsale/item/24222396:0
[ -129605ms] [WARNING] A preload for 'https://assets.blocket.se/pkg/footer/1.1.176/footer.js' is found, but is not used because it is a cross-world service worker resource mismatch. @ https://www.blocket.se/recommerce/forsale/item/24222396:0
[ -129605ms] [WARNING] A preload for 'https://assets.finn.no/pkg/topbar/1.0.426/header.js' is found, but is not used because it is a cross-world service worker resource mismatch. @ https://www.blocket.se/recommerce/forsale/item/24222396:0
[ -129605ms] [WARNING] A preload for 'https://assets.blocket.se/pkg/@warp-ds/elements/v2/index.js' is found, but is not used because it is a cross-world service worker resource mismatch. @ https://www.blocket.se/recommerce/forsale/item/24222396:0
[ -129605ms] [WARNING] A preload for 'https://assets.blocket.se/pkg/login-refresh/1.0.98/esm.js' is found, but is not used because it is a cross-world service worker resource mismatch. @ https://www.blocket.se/recommerce/forsale/item/24222396:0
[ -129605ms] [WARNING] A preload for 'https://assets.blocket.se/pkg/contact-button-podlet/1.0.132/index.js' is found, but is not used because it is a cross-world service worker resource mismatch. @ https://www.blocket.se/recommerce/forsale/item/24222396:0
[ -129605ms] [WARNING] A preload for 'https://assets.blocket.se/pkg/recommerce-recommendations-podlet/0.0.400/entry.client.js' is found, but is not used because it is a cross-world service worker resource mismatch. @ https://www.blocket.se/recommerce/forsale/item/24222396:0
[ -129605ms] [WARNING] A preload for 'https://assets.blocket.se/pkg/recommerce-suggestions-podlet/0.0.286/entry.client.js' is found, but is not used because it is a cross-world service worker resource mismatch. @ https://www.blocket.se/recommerce/forsale/item/24222396:0
[ -126819ms] [ERROR] Access to fetch at 'https://europe.delivery.adnuntius.com/i?tzo=-120&format=prebid&pbv=v11.6.0&consentString=CQrJm4AQrJm4AAGABCENCxFgAPLAAALAACQgJpQJoAFAAWABAACoAHgAQAAyABoAD8AJgATgAtgBiADmAH4ARQAjABogDoAIQAREAiYBFgCRAE4AKyAYoA0wCZAFJgLzAYyAyYBlgDVwH9gRmAkkBNIEkoAoA6ACEAHSAZMBJIAgJALAAqAB4AEEAMgA0ACYAH4AkQBigF5gNXAjMEAAgJlHQEQAFgAVABBADIANAAmABiAD8ANEAiwBIgDFAJkAUmAvMBlgDVwIzDgAgB5gD7AJlAWyUgHgALAAqACCAGQAaABMADEAH4AaIBFgCRAGKAUmAvMBlgEZigAIALYB9iUAcABYATAAxAGKAUmAvMBlgYAWAAsAJwAWwAxABzAEYANEAhABigGTANXA.IJpQLIAFAAWABAACoAHgAQAAyABoAD8AJgATgAtgBiADmAH4ARQAjABmgDRAHQAQgAiIBEwCLAEiAJwAVkAxQBnwDTAHSAPMAfaBMgEygKTAWyAvMBjIDJgGWANXAf2BGYCSQE0g.YAAAAAAAAAAA&gdpr=1&viewport=780x437' from origin 'https://www.blocket.se' has been blocked by CORS policy: No 'Access-Control-Allow-Origin' header is present on the requested resource. @ https://www.blocket.se/recommerce/forsale/item/24222396:0
[ -126819ms] [ERROR] Failed to load resource: net::ERR_FAILED @ https://europe.delivery.adnuntius.com/i?tzo=-120&format=prebid&pbv=v11.6.0&consentString=CQrJm4AQrJm4AAGABCENCxFgAPLAAALAACQgJpQJoAFAAWABAACoAHgAQAAyABoAD8AJgATgAtgBiADmAH4ARQAjABogDoAIQAREAiYBFgCRAE4AKyAYoA0wCZAFJgLzAYyAyYBlgDVwH9gRmAkkBNIEkoAoA6ACEAHSAZMBJIAgJALAAqAB4AEEAMgA0ACYAH4AkQBigF5gNXAjMEAAgJlHQEQAFgAVABBADIANAAmABiAD8ANEAiwBIgDFAJkAUmAvMBlgDVwIzDgAgB5gD7AJlAWyUgHgALAAqACCAGQAaABMADEAH4AaIBFgCRAGKAUmAvMBlgEZigAIALYB9iUAcABYATAAxAGKAUmAvMBlgYAWAAsAJwAWwAxABzAEYANEAhABigGTANXA.IJpQLIAFAAWABAACoAHgAQAAyABoAD8AJgATgAtgBiADmAH4ARQAjABmgDRAHQAQgAiIBEwCLAEiAJwAVkAxQBnwDTAHSAPMAfaBMgEygKTAWyAvMBjIDJgGWANXAf2BGYCSQE0g.YAAAAAAAAAAA&gdpr=1&viewport=780x437:0
[ -119941ms] [WARNING] The resource https://assets.blocket.se/pkg/login-refresh/1.0.98/esm.js was preloaded using link preload but not used within a few seconds from the window's load event. Please make sure it has an appropriate `as` value and it is preloaded intentionally. @ https://www.blocket.se/recommerce/forsale/item/24222396:0
[ -119940ms] [WARNING] The resource https://assets.blocket.se/pkg/contact-button-podlet/1.0.132/server/server.css was preloaded using link preload but not used within a few seconds from the window's load event. Please make sure it has an appropriate `as` value and it is preloaded intentionally. @ https://www.blocket.se/recommerce/forsale/item/24222396:0
[ -119940ms] [WARNING] The resource https://assets.blocket.se/pkg/recommerce-suggestions-podlet/0.0.286/entry.client.js was preloaded using link preload but not used within a few seconds from the window's load event. Please make sure it has an appropriate `as` value and it is preloaded intentionally. @ https://www.blocket.se/recommerce/forsale/item/24222396:0
[ -119940ms] [WARNING] The resource https://assets.blocket.se/pkg/contact-button-podlet/1.0.132/client/index.css was preloaded using link preload but not used within a few seconds from the window's load event. Please make sure it has an appropriate `as` value and it is preloaded intentionally. @ https://www.blocket.se/recommerce/forsale/item/24222396:0
[ -119940ms] [WARNING] The resource https://assets.blocket.se/pkg/contact-button-podlet/1.0.132/index.js was preloaded using link preload but not used within a few seconds from the window's load event. Please make sure it has an appropriate `as` value and it is preloaded intentionally. @ https://www.blocket.se/recommerce/forsale/item/24222396:0
[ -119940ms] [WARNING] The resource https://assets.blocket.se/pkg/contact-button-podlet/1.0.132/server/content/render.css was preloaded using link preload but not used within a few seconds from the window's load event. Please make sure it has an appropriate `as` value and it is preloaded intentionally. @ https://www.blocket.se/recommerce/forsale/item/24222396:0
[ -119940ms] [WARNING] The resource https://assets.blocket.se/pkg/contact-button-podlet/1.0.132/client/MessagingEidModal.styles.css was preloaded using link preload but not used within a few seconds from the window's load event. Please make sure it has an appropriate `as` value and it is preloaded intentionally. @ https://www.blocket.se/recommerce/forsale/item/24222396:0
[ -119940ms] [WARNING] The resource https://assets.finn.no/pkg/advertising-podlet/1.1.872/client/client.js was preloaded using link preload but not used within a few seconds from the window's load event. Please make sure it has an appropriate `as` value and it is preloaded intentionally. @ https://www.blocket.se/recommerce/forsale/item/24222396:0
[ -119940ms] [WARNING] The resource https://assets.blocket.se/pkg/recommerce-item-page/1.0.1721/entry.client.js was preloaded using link preload but not used within a few seconds from the window's load event. Please make sure it has an appropriate `as` value and it is preloaded intentionally. @ https://www.blocket.se/recommerce/forsale/item/24222396:0
[ -119940ms] [WARNING] The resource https://assets.blocket.se/pkg/@warp-ds/elements/v2/index.js was preloaded using link preload but not used within a few seconds from the window's load event. Please make sure it has an appropriate `as` value and it is preloaded intentionally. @ https://www.blocket.se/recommerce/forsale/item/24222396:0
[ -119940ms] [WARNING] The resource https://assets.blocket.se/pkg/contact-button-podlet/1.0.132/server/index.css was preloaded using link preload but not used within a few seconds from the window's load event. Please make sure it has an appropriate `as` value and it is preloaded intentionally. @ https://www.blocket.se/recommerce/forsale/item/24222396:0
[ -119940ms] [WARNING] The resource https://assets.blocket.se/pkg/broadcast-podlet/1.0.54/main.js was preloaded using link preload but not used within a few seconds from the window's load event. Please make sure it has an appropriate `as` value and it is preloaded intentionally. @ https://www.blocket.se/recommerce/forsale/item/24222396:0
[ -119940ms] [WARNING] The resource https://assets.finn.no/pkg/topbar/1.0.426/header.js was preloaded using link preload but not used within a few seconds from the window's load event. Please make sure it has an appropriate `as` value and it is preloaded intentionally. @ https://www.blocket.se/recommerce/forsale/item/24222396:0
[ -119940ms] [WARNING] The resource https://assets.blocket.se/pkg/footer/1.1.176/footer.js was preloaded using link preload but not used within a few seconds from the window's load event. Please make sure it has an appropriate `as` value and it is preloaded intentionally. @ https://www.blocket.se/recommerce/forsale/item/24222396:0
[ -119940ms] [WARNING] The resource https://assets.blocket.se/pkg/recommerce-recommendations-podlet/0.0.400/entry.client.js was preloaded using link preload but not used within a few seconds from the window's load event. Please make sure it has an appropriate `as` value and it is preloaded intentionally. @ https://www.blocket.se/recommerce/forsale/item/24222396:0
[ -116650ms] [WARNING] The resource https://assets.blocket.se/pkg/login-refresh/1.0.98/esm.js was preloaded using link preload but not used within a few seconds from the window's load event. Please make sure it has an appropriate `as` value and it is preloaded intentionally. @ https://www.blocket.se/recommerce/forsale/item/24222396:0
[ -116650ms] [WARNING] The resource https://assets.blocket.se/pkg/contact-button-podlet/1.0.132/server/server.css was preloaded using link preload but not used within a few seconds from the window's load event. Please make sure it has an appropriate `as` value and it is preloaded intentionally. @ https://www.blocket.se/recommerce/forsale/item/24222396:0
[ -116650ms] [WARNING] The resource https://assets.blocket.se/pkg/recommerce-suggestions-podlet/0.0.286/entry.client.js was preloaded using link preload but not used within a few seconds from the window's load event. Please make sure it has an appropriate `as` value and it is preloaded intentionally. @ https://www.blocket.se/recommerce/forsale/item/24222396:0
[ -116650ms] [WARNING] The resource https://assets.blocket.se/pkg/contact-button-podlet/1.0.132/client/index.css was preloaded using link preload but not used within a few seconds from the window's load event. Please make sure it has an appropriate `as` value and it is preloaded intentionally. @ https://www.blocket.se/recommerce/forsale/item/24222396:0
[ -116650ms] [WARNING] The resource https://assets.blocket.se/pkg/contact-button-podlet/1.0.132/index.js was preloaded using link preload but not used within a few seconds from the window's load event. Please make sure it has an appropriate `as` value and it is preloaded intentionally. @ https://www.blocket.se/recommerce/forsale/item/24222396:0
[ -116650ms] [WARNING] The resource https://assets.blocket.se/pkg/contact-button-podlet/1.0.132/server/content/render.css was preloaded using link preload but not used within a few seconds from the window's load event. Please make sure it has an appropriate `as` value and it is preloaded intentionally. @ https://www.blocket.se/recommerce/forsale/item/24222396:0
[ -116650ms] [WARNING] The resource https://assets.blocket.se/pkg/contact-button-podlet/1.0.132/client/MessagingEidModal.styles.css was preloaded using link preload but not used within a few seconds from the window's load event. Please make sure it has an appropriate `as` value and it is preloaded intentionally. @ https://www.blocket.se/recommerce/forsale/item/24222396:0
[ -116650ms] [WARNING] The resource https://assets.finn.no/pkg/advertising-podlet/1.1.872/client/client.js was preloaded using link preload but not used within a few seconds from the window's load event. Please make sure it has an appropriate `as` value and it is preloaded intentionally. @ https://www.blocket.se/recommerce/forsale/item/24222396:0
[ -116650ms] [WARNING] The resource https://assets.blocket.se/pkg/recommerce-item-page/1.0.1721/entry.client.js was preloaded using link preload but not used within a few seconds from the window's load event. Please make sure it has an appropriate `as` value and it is preloaded intentionally. @ https://www.blocket.se/recommerce/forsale/item/24222396:0
[ -116650ms] [WARNING] The resource https://assets.blocket.se/pkg/@warp-ds/elements/v2/index.js was preloaded using link preload but not used within a few seconds from the window's load event. Please make sure it has an appropriate `as` value and it is preloaded intentionally. @ https://www.blocket.se/recommerce/forsale/item/24222396:0
[ -116650ms] [WARNING] The resource https://assets.blocket.se/pkg/contact-button-podlet/1.0.132/server/index.css was preloaded using link preload but not used within a few seconds from the window's load event. Please make sure it has an appropriate `as` value and it is preloaded intentionally. @ https://www.blocket.se/recommerce/forsale/item/24222396:0
[ -116650ms] [WARNING] The resource https://assets.blocket.se/pkg/broadcast-podlet/1.0.54/main.js was preloaded using link preload but not used within a few seconds from the window's load event. Please make sure it has an appropriate `as` value and it is preloaded intentionally. @ https://www.blocket.se/recommerce/forsale/item/24222396:0
[ -116650ms] [WARNING] The resource https://assets.finn.no/pkg/topbar/1.0.426/header.js was preloaded using link preload but not used within a few seconds from the window's load event. Please make sure it has an appropriate `as` value and it is preloaded intentionally. @ https://www.blocket.se/recommerce/forsale/item/24222396:0
[ -116650ms] [WARNING] The resource https://assets.blocket.se/pkg/footer/1.1.176/footer.js was preloaded using link preload but not used within a few seconds from the window's load event. Please make sure it has an appropriate `as` value and it is preloaded intentionally. @ https://www.blocket.se/recommerce/forsale/item/24222396:0
[ -116650ms] [WARNING] The resource https://assets.blocket.se/pkg/recommerce-recommendations-podlet/0.0.400/entry.client.js was preloaded using link preload but not used within a few seconds from the window's load event. Please make sure it has an appropriate `as` value and it is preloaded intentionally. @ https://www.blocket.se/recommerce/forsale/item/24222396:0
[ -129751ms] [LOG] Failed to get subsystem status for purpose Object @ chrome-extension://cimiefiiaegbelhefglklhhakcgmhkai/content-script.js:103
[ -129561ms] [LOG] Failed to get subsystem status for purpose Object @ chrome-extension://cimiefiiaegbelhefglklhhakcgmhkai/content-script.js:103
[ -129471ms] [WARNING] No Schibsted Account integration detected. @ https://www.blocket.se/sourcepoint/anonymous.js:0
[ -129371ms] [LOG] Failed to get subsystem status for purpose Object @ chrome-extension://cimiefiiaegbelhefglklhhakcgmhkai/content-script.js:103
[ -129303ms] [LOG] Messaging without detection successfully executed. @ https://cmpv2.blocket.se/unified/wrapperMessagingWithoutDetection.js:0
[ -129297ms] [LOG] interaction complete @ https://cmpv2.blocket.se/unified/wrapperMessagingWithoutDetection.js:0
[ -129114ms] [LOG] Failed to get subsystem status for purpose Object @ chrome-extension://cimiefiiaegbelhefglklhhakcgmhkai/content-script.js:103
[ -129027ms] [WARNING] Cis sync initiated with no actor builder and no event available. If you do not use a login system, please indicate this using tracker.update({ actor: undefined }), otherwise do tracker.update({ actor: somePromise }) with a promise that resolves to the login state. @ https://sdk-cdn.pulse.m10s.io/versioned/3.3.2/pulse.min.js:0
[ -128249ms] [WARNING] [GPT] PubAdsService.enableSingleRequest is deprecated, use googletag.setConfig({singleRequest: ...}) instead.
https://goo.gle/gpt-message#170 @ https://securepubads.g.doubleclick.net/pagead/managed/js/gpt/m202609220101/pubads_impl.js?cb=122881200:22
[ -128230ms] [WARNING] [GPT] Slot.setTargeting is deprecated, use Slot.setConfig({targeting: ...}) instead.
https://goo.gle/gpt-message#171 @ https://securepubads.g.doubleclick.net/pagead/managed/js/gpt/m202609220101/pubads_impl.js?cb=122881200:22
[ -124789ms] [LOG] Failed to get subsystem status for purpose Object @ chrome-extension://cimiefiiaegbelhefglklhhakcgmhkai/content-script.js:103
[ -126069ms] [LOG] Failed to get subsystem status for purpose Object @ chrome-extension://cimiefiiaegbelhefglklhhakcgmhkai/content-script.js:103
[ -127826ms] [LOG] Failed to get subsystem status for purpose Object @ chrome-extension://cimiefiiaegbelhefglklhhakcgmhkai/content-script.js:103
[ -128059ms] [LOG] Failed to get subsystem status for purpose Object @ chrome-extension://cimiefiiaegbelhefglklhhakcgmhkai/content-script.js:103
[ -124865ms] [LOG] Failed to get subsystem status for purpose Object @ chrome-extension://cimiefiiaegbelhefglklhhakcgmhkai/content-script.js:103
[ -125009ms] [LOG] Failed to get subsystem status for purpose Object @ chrome-extension://cimiefiiaegbelhefglklhhakcgmhkai/content-script.js:103
[ -124643ms] [LOG] Failed to get subsystem status for purpose Object @ chrome-extension://cimiefiiaegbelhefglklhhakcgmhkai/content-script.js:103
[   57100ms] [WARNING] The resource https://assets.blocket.se/pkg/login-refresh/1.0.98/esm.js was preloaded using link preload but not used within a few seconds from the window's load event. Please make sure it has an appropriate `as` value and it is preloaded intentionally. @ https://www.blocket.se/recommerce/forsale/item/24222396:0
[   57100ms] [WARNING] The resource https://assets.blocket.se/pkg/contact-button-podlet/1.0.132/server/server.css was preloaded using link preload but not used within a few seconds from the window's load event. Please make sure it has an appropriate `as` value and it is preloaded intentionally. @ https://www.blocket.se/recommerce/forsale/item/24222396:0
[   57100ms] [WARNING] The resource https://assets.blocket.se/pkg/recommerce-suggestions-podlet/0.0.286/entry.client.js was preloaded using link preload but not used within a few seconds from the window's load event. Please make sure it has an appropriate `as` value and it is preloaded intentionally. @ https://www.blocket.se/recommerce/forsale/item/24222396:0
[   57100ms] [WARNING] The resource https://assets.blocket.se/pkg/contact-button-podlet/1.0.132/client/index.css was preloaded using link preload but not used within a few seconds from the window's load event. Please make sure it has an appropriate `as` value and it is preloaded intentionally. @ https://www.blocket.se/recommerce/forsale/item/24222396:0
[   57100ms] [WARNING] The resource https://assets.blocket.se/pkg/contact-button-podlet/1.0.132/index.js was preloaded using link preload but not used within a few seconds from the window's load event. Please make sure it has an appropriate `as` value and it is preloaded intentionally. @ https://www.blocket.se/recommerce/forsale/item/24222396:0
[   57100ms] [WARNING] The resource https://assets.blocket.se/pkg/contact-button-podlet/1.0.132/server/content/render.css was preloaded using link preload but not used within a few seconds from the window's load event. Please make sure it has an appropriate `as` value and it is preloaded intentionally. @ https://www.blocket.se/recommerce/forsale/item/24222396:0
[   57100ms] [WARNING] The resource https://assets.blocket.se/pkg/contact-button-podlet/1.0.132/client/MessagingEidModal.styles.css was preloaded using link preload but not used within a few seconds from the window's load event. Please make sure it has an appropriate `as` value and it is preloaded intentionally. @ https://www.blocket.se/recommerce/forsale/item/24222396:0
[   57100ms] [WARNING] The resource https://assets.finn.no/pkg/advertising-podlet/1.1.872/client/client.js was preloaded using link preload but not used within a few seconds from the window's load event. Please make sure it has an appropriate `as` value and it is preloaded intentionally. @ https://www.blocket.se/recommerce/forsale/item/24222396:0
[   57100ms] [WARNING] The resource https://assets.blocket.se/pkg/recommerce-item-page/1.0.1721/entry.client.js was preloaded using link preload but not used within a few seconds from the window's load event. Please make sure it has an appropriate `as` value and it is preloaded intentionally. @ https://www.blocket.se/recommerce/forsale/item/24222396:0
[   57100ms] [WARNING] The resource https://assets.blocket.se/pkg/@warp-ds/elements/v2/index.js was preloaded using link preload but not used within a few seconds from the window's load event. Please make sure it has an appropriate `as` value and it is preloaded intentionally. @ https://www.blocket.se/recommerce/forsale/item/24222396:0
[   57100ms] [WARNING] The resource https://assets.blocket.se/pkg/contact-button-podlet/1.0.132/server/index.css was preloaded using link preload but not used within a few seconds from the window's load event. Please make sure it has an appropriate `as` value and it is preloaded intentionally. @ https://www.blocket.se/recommerce/forsale/item/24222396:0
[   57100ms] [WARNING] The resource https://assets.blocket.se/pkg/broadcast-podlet/1.0.54/main.js was preloaded using link preload but not used within a few seconds from the window's load event. Please make sure it has an appropriate `as` value and it is preloaded intentionally. @ https://www.blocket.se/recommerce/forsale/item/24222396:0
[   57101ms] [WARNING] The resource https://assets.finn.no/pkg/topbar/1.0.426/header.js was preloaded using link preload but not used within a few seconds from the window's load event. Please make sure it has an appropriate `as` value and it is preloaded intentionally. @ https://www.blocket.se/recommerce/forsale/item/24222396:0
[   57101ms] [WARNING] The resource https://assets.blocket.se/pkg/footer/1.1.176/footer.js was preloaded using link preload but not used within a few seconds from the window's load event. Please make sure it has an appropriate `as` value and it is preloaded intentionally. @ https://www.blocket.se/recommerce/forsale/item/24222396:0
[   57101ms] [WARNING] The resource https://assets.blocket.se/pkg/recommerce-recommendations-podlet/0.0.400/entry.client.js was preloaded using link preload but not used within a few seconds from the window's load event. Please make sure it has an appropriate `as` value and it is preloaded intentionally. @ https://www.blocket.se/recommerce/forsale/item/24222396:0
